npx : FAIL tests/integration/api/branches.test.ts
At line:1 char:1
+ npx jest tests/integration/api/branches.test.ts 
--verbose > test_outp ...
+ ~~~~~~~~~~~~~~~~~~~~~~~~~~~~~~~~~~~~~~~~~~~~~~~~~~~~~~
~~~~~~~~~~~~~~~
    + CategoryInfo          : NotSpecified: (FAIL tests 
   /inte...ranches.test.ts:String) [], RemoteException
    + FullyQualifiedErrorId : NativeCommandError
 
  ΓùÅ Test suite failed to run

    Jest encountered an unexpected token

    Jest failed to parse a file. This happens e.g. when 
your code or its dependencies use non-standard 
JavaScript syntax, or when Jest is not configured to 
support such syntax.

    Out of the box Jest supports Babel, which will be 
used to transform your files into valid JS based on 
your Babel configuration.

    By default "node_modules" folder is ignored by 
transformers.

    Here's what you can do:
     ΓÇó If you are trying to use ECMAScript Modules, 
see https://jestjs.io/docs/ecmascript-modules for how 
to enable it.
     ΓÇó If you are trying to use TypeScript, see 
https://jestjs.io/docs/getting-started#using-typescript
     ΓÇó To have some of your "node_modules" files 
transformed, you can specify a custom 
"transformIgnorePatterns" in your config.
     ΓÇó If you need a custom transformation, specify a 
"transform" option in your config.
     ΓÇó If you simply want to mock your non-JS modules 
(e.g. binary assets) you can stub them out with the 
"moduleNameMapper" config option.

    You'll find more details and examples of these 
config options in the docs:
    https://jestjs.io/docs/configuration
    For information about custom transformations, see:
    https://jestjs.io/docs/code-transformation

    Details:

    C:\Users\ammum\OneDrive\Desktop\Projects\notes-manag
er\node_modules\bson\lib\bson.mjs:4598
    export { bson as BSON, BSONError, BSONOffsetError, 
BSONRegExp, BSONRuntimeError, BSONSymbol, BSONType, 
BSONValue, BSONVersionError, Binary, Code, DBRef, 
Decimal128, Double, EJSON, Int32, Long, MaxKey, MinKey, 
ObjectId, Timestamp, UUID, calculateObjectSize, 
deserialize, deserializeStream, onDemand, serialize, 
serializeWithBufferAndIndex, setInternalBufferSize };
    ^^^^^^

    SyntaxError: Unexpected token 'export'

    [0m [90m  9 |[39m   mongoose[33m.[39mmodel[33m
<[39m[33mIBranch[39m[33m>[39m([32m"Branch"[39m[3
3m,[39m [33mBranchSchema[39m)[33m;[39m
     [90m 10 |[39m[0m

      at Runtime.createScriptFromCode 
(node_modules/jest-runtime/build/index.js:1318:40)
      at Object.<anonymous> 
(node_modules/mongodb/src/bson.ts:2:1)
      at Object.<anonymous> 
(node_modules/mongodb/src/bulk/common.ts:1:1)
      at Object.<anonymous> (node_modules/mongoose/lib/d
rivers/node-mongodb-native/bulkWriteResult.js:3:25)
      at Object.<anonymous> (node_modules/mongoose/lib/d
rivers/node-mongodb-native/index.js:7:27)
      at Object.<anonymous> 
(node_modules/mongoose/lib/index.js:7:23)
      at Object.<anonymous> 
(node_modules/mongoose/index.js:8:18)
      at Object.<anonymous> (models/Branch.ts:11:59)
      at Object.<anonymous> 
(app/api/branches/route.ts:21:56)
      at Object.<anonymous> 
(tests/integration/api/branches.test.ts:13:16)

Test Suites: 1 failed, 1 total
Tests:       0 total
Snapshots:   0 total
Time:        1.572 s
Ran all test suites matching 
tests/integration/api/branches.test.ts.
